src/features/user/user.controller.ts(23,97): error TS2769: No overload matches this call.
  The last overload gave the following error.
    Argument of type 'string | string[]' is not assignable to parameter of type 'string | ObjectId | Uint8Array<ArrayBufferLike> | ObjectIdLike | undefined'.
      Type 'string[]' is not assignable to type 'string | ObjectId | Uint8Array<ArrayBufferLike> | ObjectIdLike | undefined'.
        Type 'string[]' is missing the following properties from type 'Uint8Array<ArrayBufferLike>': BYTES_PER_ELEMENT, buffer, byteLength, byteOffset, and 3 more.
src/features/user/user.controller.ts(36,63): error TS2345: Argument of type 'string | string[]' is not assignable to parameter of type 'string'.
  Type 'string[]' is not assignable to type 'string'.
